src/ar/SurfaceDetector.ts(39,5): error TS6133: 'canvas' is declared but its value is never read.
src/ar/SurfaceDetector.ts(60,42): error TS6133: 'time' is declared but its value is never read.
src/ar/SurfaceDetector.ts(92,42): error TS6133: 'time' is declared but its value is never read.
src/ar/SurfaceDetector.ts(148,38): error TS6133: 'time' is declared but its value is never read.
src/ar/SurfaceDetector.ts(158,5): error TS6133: 'pose' is declared but its value is never read.
src/pages/MenuPage.tsx(2,10): error TS6133: 'FOOD_DATA' is declared but its value is never read.
